BL51 BANKED LINKER/LOCATER V6.22                                                        03/04/2019  16:27:09  PAGE 1


BL51 BANKED LINKER/LOCATER V6.22, INVOKED BY:
C:\KEIL_C51\C51\BIN\BL51.EXE .\Output\PUTCHAR.obj, .\Output\main.obj, .\Output\Delay.obj, .\Output\Common.obj, .\Output\
>> STARTUP.obj TO .\Output\GS329_Motor PRINT (.\LST\GS329_Motor.m51) RAMSIZE (256) DISABLEWARNING (16)


MEMORY MODEL: LARGE


INPUT MODULES INCLUDED:
  .\Output\PUTCHAR.obj (PUTCHAR)
  .\Output\main.obj (MAIN)
  .\Output\Delay.obj (DELAY)
  .\Output\Common.obj (COMMON)
  .\Output\STARTUP.obj (?C_STARTUP)
  C:\KEIL_C51\C51\LIB\C51L.LIB (?C_INIT)
  C:\KEIL_C51\C51\LIB\C51L.LIB (?C?CLDPTR)
  C:\KEIL_C51\C51\LIB\C51L.LIB (?C?ILDIX)
  C:\KEIL_C51\C51\LIB\C51L.LIB (?C?ULDIV)
  C:\KEIL_C51\C51\LIB\C51L.LIB (?C?ULCMP)
  C:\KEIL_C51\C51\LIB\C51L.LIB (?C?ULSHR)
  C:\KEIL_C51\C51\LIB\C51L.LIB (?C?LSTXDATA)


LINK MAP OF MODULE:  .\Output\GS329_Motor (PUTCHAR)


            TYPE    BASE      LENGTH    RELOCATION   SEGMENT NAME
            -----------------------------------------------------

            * * * * * * *   D A T A   M E M O R Y   * * * * * * *
            REG     0000H     0008H     ABSOLUTE     "REG BANK 0"
                    0008H     0018H                  *** GAP ***
            BIT     0020H.0   0000H.1   UNIT         ?BI?DELAY
                    0020H.1   00F8H.7                *** GAP ***
            IDATA   0080H     0001H     ABSOLUTE     
            IDATA   0081H     0001H     UNIT         ?STACK

            * * * * * * *  X D A T A   M E M O R Y  * * * * * * *
            XDATA   0000H     0004H     UNIT         ?XD?_TIMER0_DELAY10US?DELAY
            XDATA   0004H     0004H     UNIT         ?XD?_TIMER0_DELAY100US?DELAY
            XDATA   0008H     0001H     ABSOLUTE     
            XDATA   0009H     0004H     UNIT         ?XD?_TIMER1_DELAY10MS?DELAY
            XDATA   000DH     0004H     UNIT         ?XD?_TIMER2_DELAY500US?DELAY
            XDATA   0011H     0004H     UNIT         ?XD?_TIMER3_DELAY100MS?DELAY
            XDATA   0015H     0004H     UNIT         ?XD?_TIMER3_DELAY10US?DELAY
            XDATA   0019H     0004H     UNIT         ?XD?_INITIALUART0_TIMER3?COMMON
            XDATA   001DH     0004H     UNIT         ?XD?_INITIALUART1_TIMER3?COMMON
            XDATA   0021H     0004H     UNIT         _XDATA_GROUP_
            XDATA   0025H     0003H     UNIT         ?XD?MAIN
                    0028H     0058H                  *** GAP ***
            XDATA   0080H     0001H     ABSOLUTE     

            * * * * * * *   C O D E   M E M O R Y   * * * * * * *
            CODE    0000H     0003H     ABSOLUTE     
            CODE    0003H     001FH     UNIT         ?PR?SERIALPORT0_ISR?MAIN
                    0022H     0001H                  *** GAP ***
            CODE    0023H     0003H     ABSOLUTE     
            CODE    0026H     012DH     UNIT         ?C?LIB_CODE
BL51 BANKED LINKER/LOCATER V6.22                                                      03/04/2019  16:27:09  PAGE 2


            CODE    0153H     00ACH     UNIT         ?C_C51STARTUP
            CODE    01FFH     007FH     UNIT         ?PR?_INITIALUART0_TIMER3?COMMON
            CODE    027EH     007AH     UNIT         ?PR?_INITIALUART1_TIMER3?COMMON
            CODE    02F8H     006DH     UNIT         ?PR?MAIN?MAIN
            CODE    0365H     0060H     UNIT         ?PR?_TIMER0_DELAY10US?DELAY
            CODE    03C5H     0060H     UNIT         ?PR?_TIMER0_DELAY1MS?DELAY
            CODE    0425H     0060H     UNIT         ?PR?_TIMER2_DELAY500US?DELAY
            CODE    0485H     005FH     UNIT         ?PR?_TIMER3_DELAY100MS?DELAY
            CODE    04E4H     005FH     UNIT         ?PR?_TIMER3_DELAY10US?DELAY
            CODE    0543H     005DH     UNIT         ?PR?_TIMER0_DELAY100US?DELAY
            CODE    05A0H     005DH     UNIT         ?PR?_TIMER1_DELAY10MS?DELAY
            CODE    05FDH     0039H     UNIT         ?PR?_INITIALUART0_TIMER1?COMMON
            CODE    0636H     0034H     UNIT         ?PR?_IPUTS0?MAIN
            CODE    066AH     000DH     UNIT         ?C_INITSEG
            CODE    0677H     0008H     UNIT         ?PR?_PUTCHAR?PUTCHAR
            CODE    067FH     0008H     UNIT         ?CO?MAIN
            CODE    0687H     0008H     UNIT         ?PR?RECEIVE_DATA_FROM_UART0?COMMON
            CODE    068FH     0008H     UNIT         ?PR?_SEND_DATA_TO_UART0?COMMON
            CODE    0697H     0008H     UNIT         ?PR?RECEIVE_DATA_FROM_UART1?COMMON
            CODE    069FH     0008H     UNIT         ?PR?_SEND_DATA_TO_UART1?COMMON



OVERLAY MAP OF MODULE:   .\Output\GS329_Motor (PUTCHAR)


SEGMENT                                      XDATA_GROUP
  +--> CALLED SEGMENT                      START    LENGTH
----------------------------------------------------------
?C_C51STARTUP                              -----    -----
  +--> ?PR?MAIN?MAIN
  +--> ?C_INITSEG

?PR?MAIN?MAIN                              -----    -----
  +--> ?PR?_INITIALUART0_TIMER1?COMMON
  +--> ?CO?MAIN
  +--> ?PR?_IPUTS0?MAIN
  +--> ?PR?_TIMER0_DELAY1MS?DELAY
  +--> ?PR?_SEND_DATA_TO_UART0?COMMON

?PR?_IPUTS0?MAIN                           0021H    0003H
  +--> ?PR?_SEND_DATA_TO_UART0?COMMON

?PR?_TIMER0_DELAY1MS?DELAY                 0021H    0004H



SYMBOL TABLE OF MODULE:  .\Output\GS329_Motor (PUTCHAR)

  VALUE           TYPE          NAME
  ----------------------------------

  -------         MODULE        PUTCHAR
  C:0000H         SYMBOL        _ICE_DUMMY_
  D:0080H         PUBLIC        P0
  D:0090H         PUBLIC        P1
  D:00A0H         PUBLIC        P2
BL51 BANKED LINKER/LOCATER V6.22                                                      03/04/2019  16:27:09  PAGE 3


  D:00B0H         PUBLIC        P3
  D:00D8H         PUBLIC        PWMCON0
  D:00A8H         PUBLIC        IE
  D:00B8H         PUBLIC        IP
  B:0098H.1       PUBLIC        TI
  D:0099H         PUBLIC        SBUF
  D:0098H         PUBLIC        SCON
  D:0088H         PUBLIC        TCON
  D:00F8H         PUBLIC        SCON_1
  D:00E8H         PUBLIC        ADCCON0
  D:00C0H         PUBLIC        I2CON
  D:00C8H         PUBLIC        T2CON
  D:00D0H         PUBLIC        PSW
  C:0677H         PUBLIC        _putchar
  -------         PROC          _PUTCHAR
  D:0007H         SYMBOL        c
  C:0677H         LINE#         39
  C:0677H         LINE#         40
  C:067AH         LINE#         41
  C:067CH         LINE#         42
  C:067EH         LINE#         43
  -------         ENDPROC       _PUTCHAR
  -------         ENDMOD        PUTCHAR

  -------         MODULE        MAIN
  C:0000H         SYMBOL        _ICE_DUMMY_
  D:00B1H         PUBLIC        P0M1
  D:00B3H         PUBLIC        P1M1
  D:00B2H         PUBLIC        P0M2
  D:0080H         PUBLIC        P0
  D:00B4H         PUBLIC        P1M2
  D:0090H         PUBLIC        P1
  D:00ACH         PUBLIC        P3M1
  D:00A0H         PUBLIC        P2
  D:00B0H         PUBLIC        P3
  D:00ADH         PUBLIC        P3M2
  B:00A8H.7       PUBLIC        EA
  D:00D8H         PUBLIC        PWMCON0
  C:0003H         PUBLIC        SerialPort0_ISR
  D:00A8H         PUBLIC        IE
  B:00A8H.4       PUBLIC        ES
  D:00B8H         PUBLIC        IP
  B:0098H.0       PUBLIC        RI
  B:0098H.1       PUBLIC        TI
  X:0025H         PUBLIC        irxdata0
  I:0080H         PUBLIC        itemp
  C:02F8H         PUBLIC        main
  X:0080H         PUBLIC        xtemp
  D:0099H         PUBLIC        SBUF
  D:0098H         PUBLIC        SCON
  D:0088H         PUBLIC        TCON
  B:0090H.6       PUBLIC        P16
  X:0008H         PUBLIC        temp
  X:0026H         SYMBOL        imaincount
  D:00F8H         PUBLIC        SCON_1
  X:0027H         SYMBOL        flg_send
  B:0098H.3       PUBLIC        TB8
BL51 BANKED LINKER/LOCATER V6.22                                                      03/04/2019  16:27:09  PAGE 4


  D:00E8H         PUBLIC        ADCCON0
  D:00C0H         PUBLIC        I2CON
  D:00C8H         PUBLIC        T2CON
  C:0636H         PUBLIC        _iputs0
  D:00D0H         PUBLIC        PSW
  -------         PROC          _IPUTS0
  X:0021H         SYMBOL        msg
  C:0636H         LINE#         22
  C:0641H         LINE#         23
  C:0641H         LINE#         24
  C:0651H         LINE#         25
  C:0669H         LINE#         26
  -------         ENDPROC       _IPUTS0
  -------         PROC          MAIN
  C:02F8H         LINE#         30
  C:02F8H         LINE#         31
  C:02F8H         LINE#         33
  C:0305H         LINE#         34
  C:030BH         LINE#         41
  C:0314H         LINE#         45
  C:0317H         LINE#         49
  C:0319H         LINE#         50
  C:031BH         LINE#         54
  C:0324H         LINE#         56
  C:0326H         LINE#         59
  C:0326H         LINE#         60
  C:0326H         LINE#         62
  C:032CH         LINE#         64
  C:0337H         LINE#         67
  C:0340H         LINE#         68
  C:0340H         LINE#         70
  C:0345H         LINE#         72
  C:034AH         LINE#         73
  C:034AH         LINE#         77
  C:034DH         LINE#         80
  C:0354H         LINE#         81
  C:0358H         LINE#         83
  C:035AH         LINE#         86
  C:035FH         LINE#         91
  C:0362H         LINE#         95
  -------         ENDPROC       MAIN
  -------         PROC          SERIALPORT0_ISR
  C:0003H         LINE#         101
  C:0009H         LINE#         104
  C:000CH         LINE#         105
  C:000CH         LINE#         106
  C:000EH         LINE#         108
  C:0014H         LINE#         113
  C:0016H         LINE#         120
  C:0016H         LINE#         122
  C:0019H         LINE#         123
  C:001BH         LINE#         125
  -------         ENDPROC       SERIALPORT0_ISR
  -------         ENDMOD        MAIN

  -------         MODULE        DELAY
  C:0000H         SYMBOL        _ICE_DUMMY_
BL51 BANKED LINKER/LOCATER V6.22                                                      03/04/2019  16:27:09  PAGE 5


  D:0080H         PUBLIC        P0
  D:0090H         PUBLIC        P1
  D:00A0H         PUBLIC        P2
  C:0543H         PUBLIC        _Timer0_Delay100us
  D:00B0H         PUBLIC        P3
  D:00D8H         PUBLIC        PWMCON0
  C:0425H         PUBLIC        _Timer2_Delay500us
  D:00A8H         PUBLIC        IE
  D:00B8H         PUBLIC        IP
  C:03C5H         PUBLIC        _Timer0_Delay1ms
  B:0020H.0       PUBLIC        BIT_TMP
  D:0098H         PUBLIC        SCON
  D:0089H         PUBLIC        TMOD
  D:0088H         PUBLIC        TCON
  D:00F8H         PUBLIC        SCON_1
  B:0088H.5       PUBLIC        TF0
  C:05A0H         PUBLIC        _Timer1_Delay10ms
  B:0088H.7       PUBLIC        TF1
  B:00C8H.7       PUBLIC        TF2
  D:008CH         PUBLIC        TH0
  D:00C6H         PUBLIC        RH3
  D:008DH         PUBLIC        TH1
  D:00CDH         PUBLIC        TH2
  D:008AH         PUBLIC        TL0
  D:00C5H         PUBLIC        RL3
  D:008BH         PUBLIC        TL1
  C:0365H         PUBLIC        _Timer0_Delay10us
  D:00CCH         PUBLIC        TL2
  C:04E4H         PUBLIC        _Timer3_Delay10us
  B:0088H.4       PUBLIC        TR0
  B:0088H.6       PUBLIC        TR1
  B:00C8H.2       PUBLIC        TR2
  D:00E8H         PUBLIC        ADCCON0
  D:00C0H         PUBLIC        I2CON
  D:00C9H         PUBLIC        T2MOD
  D:00C8H         PUBLIC        T2CON
  D:00C4H         PUBLIC        T3CON
  D:008EH         PUBLIC        CKCON
  D:00D0H         PUBLIC        PSW
  C:0485H         PUBLIC        _Timer3_Delay100ms
  -------         PROC          _TIMER0_DELAY10US
  X:0000H         SYMBOL        u32CNT
  C:0365H         LINE#         21
  C:036BH         LINE#         22
  C:036BH         LINE#         23
  C:036EH         LINE#         24
  C:0374H         LINE#         26
  C:0376H         LINE#         27
  C:038FH         LINE#         28
  C:038FH         LINE#         29
  C:0392H         LINE#         30
  C:0395H         LINE#         31
  C:0398H         LINE#         32
  C:039AH         LINE#         33
  C:03C0H         LINE#         34
  C:03C2H         LINE#         35
  C:03C4H         LINE#         36
BL51 BANKED LINKER/LOCATER V6.22                                                      03/04/2019  16:27:09  PAGE 6


  -------         ENDPROC       _TIMER0_DELAY10US
  -------         PROC          _TIMER0_DELAY100US
  X:0004H         SYMBOL        u32CNT
  C:0543H         LINE#         39
  C:0549H         LINE#         40
  C:0549H         LINE#         41
  C:054CH         LINE#         42
  C:054FH         LINE#         43
  C:0551H         LINE#         44
  C:056AH         LINE#         45
  C:056AH         LINE#         46
  C:056DH         LINE#         47
  C:0570H         LINE#         48
  C:0573H         LINE#         49
  C:0575H         LINE#         50
  C:059BH         LINE#         51
  C:059DH         LINE#         52
  C:059FH         LINE#         53
  -------         ENDPROC       _TIMER0_DELAY100US
  -------         PROC          _TIMER0_DELAY1MS
  X:0021H         SYMBOL        u32CNT
  C:03C5H         LINE#         71
  C:03CBH         LINE#         72
  C:03CBH         LINE#         73
  C:03CEH         LINE#         76
  C:03D4H         LINE#         78
  C:03D6H         LINE#         79
  C:03EFH         LINE#         80
  C:03EFH         LINE#         84
  C:03F2H         LINE#         85
  C:03F5H         LINE#         87
  C:03F8H         LINE#         88
  C:03FAH         LINE#         89
  C:0420H         LINE#         90
  C:0422H         LINE#         91
  C:0424H         LINE#         92
  -------         ENDPROC       _TIMER0_DELAY1MS
  -------         PROC          _TIMER1_DELAY10MS
  X:0009H         SYMBOL        u32CNT
  C:05A0H         LINE#         96
  C:05A6H         LINE#         97
  C:05A6H         LINE#         98
  C:05A9H         LINE#         99
  C:05ACH         LINE#         100
  C:05AEH         LINE#         101
  C:05C7H         LINE#         102
  C:05C7H         LINE#         103
  C:05CAH         LINE#         104
  C:05CDH         LINE#         105
  C:05D0H         LINE#         106
  C:05D2H         LINE#         107
  C:05F8H         LINE#         108
  C:05FAH         LINE#         109
  C:05FCH         LINE#         110
  -------         ENDPROC       _TIMER1_DELAY10MS
  -------         PROC          _TIMER2_DELAY500US
  X:000DH         SYMBOL        u32CNT
BL51 BANKED LINKER/LOCATER V6.22                                                      03/04/2019  16:27:09  PAGE 7


  C:0425H         LINE#         113
  C:042BH         LINE#         114
  C:042BH         LINE#         115
  C:042EH         LINE#         116
  C:0431H         LINE#         117
  C:0434H         LINE#         118
  C:0436H         LINE#         119
  C:044FH         LINE#         120
  C:044FH         LINE#         121
  C:0452H         LINE#         122
  C:0455H         LINE#         123
  C:0458H         LINE#         124
  C:045AH         LINE#         125
  C:0480H         LINE#         126
  C:0482H         LINE#         127
  C:0484H         LINE#         128
  -------         ENDPROC       _TIMER2_DELAY500US
  -------         PROC          _TIMER3_DELAY100MS
  X:0011H         SYMBOL        u32CNT
  C:0485H         LINE#         130
  C:048BH         LINE#         131
  C:048BH         LINE#         132
  C:048EH         LINE#         133
  C:0491H         LINE#         134
  C:04AAH         LINE#         135
  C:04AAH         LINE#         136
  C:04ADH         LINE#         137
  C:04B0H         LINE#         138
  C:04B5H         LINE#         139
  C:04B8H         LINE#         140
  C:04DEH         LINE#         141
  C:04E0H         LINE#         142
  C:04E3H         LINE#         143
  -------         ENDPROC       _TIMER3_DELAY100MS
  -------         PROC          _TIMER3_DELAY10US
  X:0015H         SYMBOL        u32CNT
  C:04E4H         LINE#         145
  C:04EAH         LINE#         146
  C:04EAH         LINE#         147
  C:04EDH         LINE#         148
  C:04F0H         LINE#         149
  C:0509H         LINE#         150
  C:0509H         LINE#         151
  C:050CH         LINE#         152
  C:050FH         LINE#         154
  C:0514H         LINE#         155
  C:0517H         LINE#         156
  C:053DH         LINE#         157
  C:053FH         LINE#         158
  C:0542H         LINE#         159
  -------         ENDPROC       _TIMER3_DELAY10US
  -------         ENDMOD        DELAY

  -------         MODULE        COMMON
  C:0000H         SYMBOL        _ICE_DUMMY_
  D:00B1H         PUBLIC        P0M1
  D:00B3H         PUBLIC        P1M1
BL51 BANKED LINKER/LOCATER V6.22                                                      03/04/2019  16:27:09  PAGE 8


  D:00B2H         PUBLIC        P0M2
  D:0080H         PUBLIC        P0
  D:00B4H         PUBLIC        P1M2
  D:0090H         PUBLIC        P1
  D:00A0H         PUBLIC        P2
  D:00B0H         PUBLIC        P3
  D:00D8H         PUBLIC        PWMCON0
  D:00A8H         PUBLIC        IE
  D:00B8H         PUBLIC        IP
  B:0098H.0       PUBLIC        RI
  B:0098H.1       PUBLIC        TI
  B:00F8H.0       PUBLIC        RI_1
  B:00F8H.1       PUBLIC        TI_1
  D:0099H         PUBLIC        SBUF
  D:0087H         PUBLIC        PCON
  D:0098H         PUBLIC        SCON
  D:0089H         PUBLIC        TMOD
  D:0088H         PUBLIC        TCON
  D:009AH         PUBLIC        SBUF_1
  D:00F8H         PUBLIC        SCON_1
  D:00C6H         PUBLIC        RH3
  D:008DH         PUBLIC        TH1
  D:00C5H         PUBLIC        RL3
  C:05FDH         PUBLIC        _InitialUART0_Timer1
  C:01FFH         PUBLIC        _InitialUART0_Timer3
  C:027EH         PUBLIC        _InitialUART1_Timer3
  B:0088H.6       PUBLIC        TR1
  D:00E8H         PUBLIC        ADCCON0
  C:068FH         PUBLIC        _Send_Data_To_UART0
  C:069FH         PUBLIC        _Send_Data_To_UART1
  D:00C0H         PUBLIC        I2CON
  D:00C8H         PUBLIC        T2CON
  D:00C4H         PUBLIC        T3CON
  C:0687H         PUBLIC        Receive_Data_From_UART0
  C:0697H         PUBLIC        Receive_Data_From_UART1
  D:008EH         PUBLIC        CKCON
  D:00D0H         PUBLIC        PSW
  -------         PROC          _INITIALUART0_TIMER1
  D:0004H         SYMBOL        u32Baudrate
  C:05FDH         LINE#         36
  C:05FDH         LINE#         37
  C:05FDH         LINE#         38
  C:0603H         LINE#         40
  C:0609H         LINE#         43
  C:060CH         LINE#         45
  C:060FH         LINE#         47
  C:0612H         LINE#         48
  C:0615H         LINE#         49
  C:0618H         LINE#         51
  C:0631H         LINE#         53
  C:0633H         LINE#         58
  C:0635H         LINE#         60
  -------         ENDPROC       _INITIALUART0_TIMER1
  -------         PROC          _INITIALUART0_TIMER3
  X:0019H         SYMBOL        u32Baudrate
  C:01FFH         LINE#         63
  C:0205H         LINE#         64
BL51 BANKED LINKER/LOCATER V6.22                                                      03/04/2019  16:27:09  PAGE 9


  C:0205H         LINE#         65
  C:020BH         LINE#         66
  C:0211H         LINE#         68
  C:0214H         LINE#         69
  C:0217H         LINE#         70
  C:021AH         LINE#         71
  C:021DH         LINE#         74
  C:024CH         LINE#         75
  C:0278H         LINE#         81
  C:027BH         LINE#         82
  C:027DH         LINE#         83
  -------         ENDPROC       _INITIALUART0_TIMER3
  -------         PROC          RECEIVE_DATA_FROM_UART0
  -------         DO            
  D:0007H         SYMBOL        c
  -------         ENDDO         
  C:0687H         LINE#         85
  C:0687H         LINE#         86
  C:0687H         LINE#         88
  C:068AH         LINE#         89
  C:068CH         LINE#         90
  C:068EH         LINE#         91
  C:068EH         LINE#         92
  -------         ENDPROC       RECEIVE_DATA_FROM_UART0
  -------         PROC          _SEND_DATA_TO_UART0
  D:0007H         SYMBOL        c
  C:068FH         LINE#         94
  C:068FH         LINE#         95
  C:068FH         LINE#         96
  C:0691H         LINE#         97
  C:0693H         LINE#         98
  C:0696H         LINE#         99
  -------         ENDPROC       _SEND_DATA_TO_UART0
  -------         PROC          _INITIALUART1_TIMER3
  X:001DH         SYMBOL        u32Baudrate
  C:027EH         LINE#         105
  C:0284H         LINE#         106
  C:0284H         LINE#         107
  C:028AH         LINE#         108
  C:0290H         LINE#         110
  C:0293H         LINE#         111
  C:0296H         LINE#         112
  C:0299H         LINE#         115
  C:02C8H         LINE#         116
  C:02F4H         LINE#         122
  C:02F7H         LINE#         123
  -------         ENDPROC       _INITIALUART1_TIMER3
  -------         PROC          RECEIVE_DATA_FROM_UART1
  -------         DO            
  D:0007H         SYMBOL        c
  -------         ENDDO         
  C:0697H         LINE#         125
  C:0697H         LINE#         126
  C:0697H         LINE#         129
  C:069AH         LINE#         130
  C:069CH         LINE#         131
  C:069EH         LINE#         132
BL51 BANKED LINKER/LOCATER V6.22                                                      03/04/2019  16:27:09  PAGE 10


  C:069EH         LINE#         133
  -------         ENDPROC       RECEIVE_DATA_FROM_UART1
  -------         PROC          _SEND_DATA_TO_UART1
  D:0007H         SYMBOL        c
  C:069FH         LINE#         135
  C:069FH         LINE#         136
  C:069FH         LINE#         137
  C:06A1H         LINE#         138
  C:06A3H         LINE#         139
  C:06A6H         LINE#         140
  -------         ENDPROC       _SEND_DATA_TO_UART1
  -------         ENDMOD        COMMON

  -------         MODULE        ?C_STARTUP
  C:0153H         SEGMENT       ?C_C51STARTUP
  I:0081H         SEGMENT       ?STACK
  C:0000H         PUBLIC        ?C_STARTUP
  D:00E0H         SYMBOL        ACC
  D:00F0H         SYMBOL        B
  D:0083H         SYMBOL        DPH
  D:0082H         SYMBOL        DPL
  N:0000H         SYMBOL        IBPSTACK
  N:0100H         SYMBOL        IBPSTACKTOP
  N:0080H         SYMBOL        IDATALEN
  C:0168H         SYMBOL        IDATALOOP
  N:0000H         SYMBOL        PBPSTACK
  N:0000H         SYMBOL        PBPSTACKTOP
  N:0000H         SYMBOL        PDATALEN
  N:0000H         SYMBOL        PDATASTART
  N:0000H         SYMBOL        PPAGE
  N:0000H         SYMBOL        PPAGEENABLE
  D:00A0H         SYMBOL        PPAGE_SFR
  D:0081H         SYMBOL        SP
  C:0153H         SYMBOL        STARTUP1
  N:0000H         SYMBOL        XBPSTACK
  N:0000H         SYMBOL        XBPSTACKTOP
  N:02FFH         SYMBOL        XDATALEN
  C:0173H         SYMBOL        XDATALOOP
  N:0000H         SYMBOL        XDATASTART
  C:0000H         LINE#         94
  C:0153H         LINE#         100
  C:0156H         LINE#         101
  C:0159H         LINE#         102
  C:015CH         LINE#         104
  C:015FH         LINE#         105
  C:0162H         LINE#         106
  C:0165H         LINE#         109
  C:0167H         LINE#         110
  C:0168H         LINE#         111
  C:0169H         LINE#         112
  C:016BH         LINE#         116
  C:016EH         LINE#         117
  C:0170H         LINE#         119
  C:0172H         LINE#         123
  C:0173H         LINE#         124
  C:0174H         LINE#         125
  C:0175H         LINE#         126
BL51 BANKED LINKER/LOCATER V6.22                                                      03/04/2019  16:27:09  PAGE 11


  C:0177H         LINE#         127
  C:0179H         LINE#         161
  C:017CH         LINE#         165
  -------         ENDMOD        ?C_STARTUP

  -------         MODULE        ?C?CLDPTR
  C:0026H         PUBLIC        ?C?CLDPTR
  -------         ENDMOD        ?C?CLDPTR

  -------         MODULE        ?C?ILDIX
  C:003FH         PUBLIC        ?C?ILDIX
  -------         ENDMOD        ?C?ILDIX

  -------         MODULE        ?C?ULDIV
  C:0091H         PUBLIC        ?C?ULDIV
  -------         ENDMOD        ?C?ULDIV

  -------         MODULE        ?C?ULCMP
  C:0123H         PUBLIC        ?C?ULCMP
  -------         ENDMOD        ?C?ULCMP

  -------         MODULE        ?C?ULSHR
  C:0134H         PUBLIC        ?C?ULSHR
  -------         ENDMOD        ?C?ULSHR

  -------         MODULE        ?C?LSTXDATA
  C:0147H         PUBLIC        ?C?LSTXDATA
  -------         ENDMOD        ?C?LSTXDATA

Program Size: data=10.1 xdata=41 code=1702
LINK/LOCATE RUN COMPLETE.  0 WARNING(S),  0 ERROR(S)
